gl4es source:  /app/external/gl4es
NDK:           /opt/android-sdk/ndk/30.0.14904198
ABIs:          arm64-v8a
Platform:      android-21
Generator:     Ninja

=== configuring arm64-v8a ===
-- The C compiler identification is Clang 21.0.0
-- Detecting C compiler ABI info
-- Detecting C compiler ABI info - done
-- Check for working C compiler: /opt/android-sdk/ndk/30.0.14904198/toolchains/llvm/prebuilt/linux-x86_64/bin/clang - skipped
-- Detecting C compile features
-- Detecting C compile features - done
CMake Warning (dev) at CMakeLists.txt:19 (option):
  Policy CMP0077 is not set: option() honors normal variables.  Run "cmake
  --help-policy CMP0077" for policy details.  Use the cmake_policy command to
  set the policy and suppress this warning.

  For compatibility with older versions of CMake, option is clearing the
  normal variable 'ANDROID'.
This warning is for project developers.  Use -Wno-dev to suppress it.

-- Looking for backtrace
-- Looking for backtrace - not found
-- Performing Test SUPPORTS_GNU11
-- Performing Test SUPPORTS_GNU11 - Success
-- Performing Test SUPPORTS_UNWIND_TABLES
-- Performing Test SUPPORTS_UNWIND_TABLES - Success
-- Not on Linux: building without GLX support.
-- Configuring done (1.0s)
-- Generating done (0.0s)
-- Build files have been written to: /app/out/gl4es/build/arm64-v8a
=== building arm64-v8a ===
[1/70] Building C object src/CMakeFiles/GL.dir/gl/arbconverter.c.o
[2/70] Building C object src/CMakeFiles/GL.dir/gl/arbhelper.c.o
[3/70] Building C object src/CMakeFiles/GL.dir/gl/blit.c.o
[4/70] Building C object src/CMakeFiles/GL.dir/gl/build_info.c.o
[5/70] Building C object src/CMakeFiles/GL.dir/gl/blend.c.o
[6/70] Building C object src/CMakeFiles/GL.dir/gl/debug.c.o
[7/70] Building C object src/CMakeFiles/GL.dir/gl/depth.c.o
[8/70] Building C object src/CMakeFiles/GL.dir/gl/arbparser.c.o
[9/70] Building C object src/CMakeFiles/GL.dir/gl/buffers.c.o
[10/70] Building C object src/CMakeFiles/GL.dir/gl/directstate.c.o
[11/70] Building C object src/CMakeFiles/GL.dir/gl/envvars.c.o
[12/70] Building C object src/CMakeFiles/GL.dir/gl/enable.c.o
[13/70] Building C object src/CMakeFiles/GL.dir/gl/decompress.c.o
[14/70] Building C object src/CMakeFiles/GL.dir/gl/eval.c.o
[15/70] Building C object src/CMakeFiles/GL.dir/gl/face.c.o
[16/70] Building C object src/CMakeFiles/GL.dir/gl/fog.c.o
/app/external/gl4es/src/gl/fog.c:19:9: warning: add explicit braces to avoid dangling else [-Wdangling-else]
   19 |         else gl4es_flush();
      |         ^
1 warning generated.
[17/70] Building C object src/CMakeFiles/GL.dir/gl/drawing.c.o
/app/external/gl4es/src/gl/drawing.c:221:13: warning: add explicit braces to avoid dangling else [-Wdangling-else]
  221 |             else
      |             ^
1 warning generated.
[18/70] Building C object src/CMakeFiles/GL.dir/gl/fpe_cache.c.o
[19/70] Building C object src/CMakeFiles/GL.dir/gl/fpe_shader.c.o
/app/external/gl4es/src/gl/fpe_shader.c:917:21: warning: logical not is only applied to the left hand side of this bitwise operator [-Wlogical-not-parentheses]
  917 |             if(t && !need->need_texs&(1<<i))
      |                     ^               ~
/app/external/gl4es/src/gl/fpe_shader.c:917:21: note: add parentheses after the '!' to evaluate the bitwise operator first
  917 |             if(t && !need->need_texs&(1<<i))
      |                     ^
      |                      (                     )
/app/external/gl4es/src/gl/fpe_shader.c:917:21: note: add parentheses around left hand side expression to silence this warning
  917 |             if(t && !need->need_texs&(1<<i))
      |                     ^
      |                     (               )
1 warning generated.
[20/70] Building C object src/CMakeFiles/GL.dir/gl/framebuffers.c.o
[21/70] Building C object src/CMakeFiles/GL.dir/gl/fpe.c.o
[22/70] Building C object src/CMakeFiles/GL.dir/gl/getter.c.o
/app/external/gl4es/src/gl/getter.c:878:45: warning: implicit conversion from 'long' to 'GLfloat' (aka 'float') changes value from 2147483647 to 2147483648 [-Wimplicit-const-int-float-conversion]
  878 |             params[0] = glstate->depth.Near*2147483647l;
      |                                            ~^~~~~~~~~~~
/app/external/gl4es/src/gl/getter.c:879:44: warning: implicit conversion from 'long' to 'GLfloat' (aka 'float') changes value from 2147483647 to 2147483648 [-Wimplicit-const-int-float-conversion]
  879 |             params[1] = glstate->depth.Far*2147483647l;
      |                                           ~^~~~~~~~~~~
2 warnings generated.
[23/70] Building C object src/CMakeFiles/GL.dir/gl/array.c.o
/app/external/gl4es/src/gl/array.c:195:9: warning: add explicit braces to avoid dangling else [-Wdangling-else]
  195 |         else
      |         ^
1 warning generated.
[24/70] Building C object src/CMakeFiles/GL.dir/gl/hint.c.o
[25/70] Building C object src/CMakeFiles/GL.dir/gl/gl_lookup.c.o
[26/70] Building C object src/CMakeFiles/GL.dir/gl/init.c.o
[27/70] Building C object src/CMakeFiles/GL.dir/gl/line.c.o
[28/70] Building C object src/CMakeFiles/GL.dir/gl/glstate.c.o
[29/70] Building C object src/CMakeFiles/GL.dir/gl/light.c.o
/app/external/gl4es/src/gl/light.c:18:11: warning: add explicit braces to avoid dangling else [-Wdangling-else]
   18 |         } else gl4es_flush();
      |           ^
/app/external/gl4es/src/gl/light.c:78:11: warning: add explicit braces to avoid dangling else [-Wdangling-else]
   78 |         } else gl4es_flush();
      |           ^
/app/external/gl4es/src/gl/light.c:147:11: warning: add explicit braces to avoid dangling else [-Wdangling-else]
  147 |         } else gl4es_flush();
      |           ^
/app/external/gl4es/src/gl/light.c:262:11: warning: add explicit braces to avoid dangling else [-Wdangling-else]
  262 |         } else {
      |           ^
/app/external/gl4es/src/gl/light.c:403:11: warning: add explicit braces to avoid dangling else [-Wdangling-else]
  403 |         } else gl4es_flush();
      |           ^
5 warnings generated.
[30/70] Building C object src/CMakeFiles/GL.dir/gl/loader.c.o
[31/70] Building C object src/CMakeFiles/GL.dir/gl/gl4es.c.o
/app/external/gl4es/src/gl/gl4es.c:987:9: warning: add explicit braces to avoid dangling else [-Wdangling-else]
  987 |         else gl4es_flush();
      |         ^
1 warning generated.
[32/70] Building C object src/CMakeFiles/GL.dir/gl/logs.c.o
[33/70] Building C object src/CMakeFiles/GL.dir/gl/matvec.c.o
[34/70] Building C object src/CMakeFiles/GL.dir/gl/listrl.c.o
[35/70] Building C object src/CMakeFiles/GL.dir/gl/matrix.c.o
[36/70] Building C object src/CMakeFiles/GL.dir/gl/planes.c.o
[37/70] Building C object src/CMakeFiles/GL.dir/gl/pointsprite.c.o
/app/external/gl4es/src/gl/pointsprite.c:45:11: warning: add explicit braces to avoid dangling else [-Wdangling-else]
   45 |         } else gl4es_flush();
      |           ^
1 warning generated.
[38/70] Building C object src/CMakeFiles/GL.dir/gl/oldprogram.c.o
[39/70] Building C object src/CMakeFiles/GL.dir/gl/listdraw.c.o
[40/70] Building C object src/CMakeFiles/GL.dir/gl/queries.c.o
[41/70] Building C object src/CMakeFiles/GL.dir/gl/preproc.c.o
/app/external/gl4es/src/gl/preproc.c:515:23: warning: add explicit braces to avoid dangling else [-Wdangling-else]
  515 |                     } else status = 399;  // meh?
      |                       ^
1 warning generated.
[42/70] Building C object src/CMakeFiles/GL.dir/gl/list.c.o
[43/70] Building C object src/CMakeFiles/GL.dir/gl/render.c.o
/app/external/gl4es/src/gl/render.c:24:112: warning: implicit conversion from 'int' to 'GLfloat' (aka 'float') changes value from 2147483647 to 2147483648 [-Wimplicit-const-int-float-conversion]
   24 |                 glstate->selectbuf.buffer[glstate->selectbuf.pos+1] = (unsigned int)(glstate->selectbuf.zmin * INT_MAX );
      |                                                                                                              ~ ^~~~~~~
/opt/android-sdk/ndk/30.0.14904198/toolchains/llvm/prebuilt/linux-x86_64/lib/clang/21/include/limits.h:50:19: note: expanded from macro 'INT_MAX'
   50 | #define INT_MAX   __INT_MAX__
      |                   ^~~~~~~~~~~
<built-in>:60:21: note: expanded from macro '__INT_MAX__'
   60 | #define __INT_MAX__ 2147483647
      |                     ^~~~~~~~~~
/app/external/gl4es/src/gl/render.c:26:112: warning: implicit conversion from 'int' to 'GLfloat' (aka 'float') changes value from 2147483647 to 2147483648 [-Wimplicit-const-int-float-conversion]
   26 |                 glstate->selectbuf.buffer[glstate->selectbuf.pos+2] = (unsigned int)(glstate->selectbuf.zmax * INT_MAX );
      |                                                                                                              ~ ^~~~~~~
/opt/android-sdk/ndk/30.0.14904198/toolchains/llvm/prebuilt/linux-x86_64/lib/clang/21/include/limits.h:50:19: note: expanded from macro 'INT_MAX'
   50 | #define INT_MAX   __INT_MAX__
      |                   ^~~~~~~~~~~
<built-in>:60:21: note: expanded from macro '__INT_MAX__'
   60 | #define __INT_MAX__ 2147483647
      |                     ^~~~~~~~~~
2 warnings generated.
[44/70] Building C object src/CMakeFiles/GL.dir/gl/program.c.o
[45/70] Building C object src/CMakeFiles/GL.dir/gl/raster.c.o
/app/external/gl4es/src/gl/raster.c:26:4: warning: add explicit braces to avoid dangling else [-Wdangling-else]
   26 |         } else gl4es_flush();
      |           ^
/app/external/gl4es/src/gl/raster.c:57:5: warning: add explicit braces to avoid dangling else [-Wdangling-else]
   57 |                 } else gl4es_flush();
      |                   ^
/app/external/gl4es/src/gl/raster.c:159:4: warning: add explicit braces to avoid dangling else [-Wdangling-else]
  159 |         } else gl4es_flush();
      |           ^
/app/external/gl4es/src/gl/raster.c:173:4: warning: add explicit braces to avoid dangling else [-Wdangling-else]
  173 |         } else gl4es_flush();
      |           ^
4 warnings generated.
[46/70] Building C object src/CMakeFiles/GL.dir/gl/samplers.c.o
[47/70] Building C object src/CMakeFiles/GL.dir/gl/shader_hacks.c.o
[48/70] Building C object src/CMakeFiles/GL.dir/gl/pixel.c.o
[49/70] Building C object src/CMakeFiles/GL.dir/gl/shader.c.o
[50/70] Building C object src/CMakeFiles/GL.dir/gl/string_utils.c.o
[51/70] Building C object src/CMakeFiles/GL.dir/gl/stack.c.o
/app/external/gl4es/src/gl/stack.c:26:11: warning: add explicit braces to avoid dangling else [-Wdangling-else]
   26 |         } else gl4es_flush();
      |           ^
/app/external/gl4es/src/gl/stack.c:345:11: warning: add explicit braces to avoid dangling else [-Wdangling-else]
  345 |         } else gl4es_flush();
      |           ^
2 warnings generated.
[52/70] Building C object src/CMakeFiles/GL.dir/gl/stencil.c.o
[53/70] Building C object src/CMakeFiles/GL.dir/gl/stubs.c.o
[54/70] Building C object src/CMakeFiles/GL.dir/gl/shaderconv.c.o
[55/70] Building C object src/CMakeFiles/GL.dir/gl/texgen.c.o
/app/external/gl4es/src/gl/texgen.c:38:11: warning: add explicit braces to avoid dangling else [-Wdangling-else]
   38 |         } else gl4es_flush();
      |           ^
1 warning generated.
[56/70] Building C object src/CMakeFiles/GL.dir/gl/texenv.c.o
[57/70] Building C object src/CMakeFiles/GL.dir/gl/texture_compressed.c.o
[58/70] Building C object src/CMakeFiles/GL.dir/gl/texture_3d.c.o
[59/70] Building C object src/CMakeFiles/GL.dir/gl/texture_read.c.o
[60/70] Building C object src/CMakeFiles/GL.dir/gl/vertexattrib.c.o
[61/70] Building C object src/CMakeFiles/GL.dir/gl/texture_params.c.o
[62/70] Building C object src/CMakeFiles/GL.dir/gl/texture.c.o
/app/external/gl4es/src/gl/texture.c:1091:13: warning: add explicit braces to avoid dangling else [-Wdangling-else]
 1091 |             else if(globals4es.automipmap==2)
      |             ^
/app/external/gl4es/src/gl/texture.c:1579:13: warning: add explicit braces to avoid dangling else [-Wdangling-else]
 1579 |             else
      |             ^
2 warnings generated.
[63/70] Building C object src/CMakeFiles/GL.dir/gl/wrap/glstub.c.o
[64/70] Building C object src/CMakeFiles/GL.dir/glx/hardext.c.o
[65/70] Building C object src/CMakeFiles/GL.dir/gl/uniform.c.o
[66/70] Building C object src/CMakeFiles/GL.dir/gl/wrap/gles.c.o
[67/70] Building C object src/CMakeFiles/GL.dir/gl/wrap/gl4eswraps.c.o
[68/70] Building C object src/CMakeFiles/GL.dir/gl/math/matheval.c.o
[69/70] Building C object src/CMakeFiles/GL.dir/gl/arbgenerator.c.o
[70/70] Linking C shared library /app/external/gl4es/lib/libGL.so.1
'/app/external/gl4es/lib/libGL.so.1' -> '/app/out/gl4es/jniLibs/arm64-v8a/libgl4es.so'

=== done ===
Outputs:
-rwxrwxr-x 1 jules jules 4.5M Jul 27 07:15 /app/out/gl4es/jniLibs/arm64-v8a/libgl4es.so
