openal-soft source: /app/external/openal-soft
NDK:                /opt/android-sdk/ndk/30.0.14904198
ABIs:               arm64-v8a
Platform:           android-21
Generator:          Ninja

=== configuring arm64-v8a ===
-- The C compiler identification is Clang 21.0.0
-- The CXX compiler identification is Clang 21.0.0
-- Detecting C compiler ABI info
-- Detecting C compiler ABI info - done
-- Check for working C compiler: /opt/android-sdk/ndk/30.0.14904198/toolchains/llvm/prebuilt/linux-x86_64/bin/clang - skipped
-- Detecting C compile features
-- Detecting C compile features - done
-- Detecting CXX compiler ABI info
-- Detecting CXX compiler ABI info - done
-- Check for working CXX compiler: /opt/android-sdk/ndk/30.0.14904198/toolchains/llvm/prebuilt/linux-x86_64/bin/clang++ - skipped
-- Detecting CXX compile features
-- Detecting CXX compile features - done
-- Performing Test CMAKE_HAVE_LIBC_PTHREAD
-- Performing Test CMAKE_HAVE_LIBC_PTHREAD - Failed
-- Check if compiler accepts -pthread
-- Check if compiler accepts -pthread - yes
-- Found Threads: TRUE
-- Found PkgConfig: /usr/bin/pkg-config (found version "1.8.1")
-- Looking for __GLIBCXX__
-- Looking for __GLIBCXX__ - not found
-- Looking for _LIBCPP_VERSION
-- Looking for _LIBCPP_VERSION - found
-- Looking for _MSVC_STL_UPDATE
-- Looking for _MSVC_STL_UPDATE - not found
-- C++20 modules enabled using Clang compiler v21.0.0 (CMake 3.28.3, Ninja generator)
-- {fmt} version: 11.2.0
-- Build type: Release
-- Performing Test HAVE_WFUNCTION_EFFECTS
-- Performing Test HAVE_WFUNCTION_EFFECTS - Success
-- Performing Test HAVE_LIBATOMIC
-- Performing Test HAVE_LIBATOMIC - Success
-- Looking for __android_log_print in log
-- Looking for __android_log_print in log - found
-- Performing Test HAVE_WTRAMPOLINES
-- Performing Test HAVE_WTRAMPOLINES - Failed
-- Performing Test HAVE_WCONVERSION
-- Performing Test HAVE_WCONVERSION - Success
-- Performing Test HAVE_WBIDI_CHARS_ANY
-- Performing Test HAVE_WBIDI_CHARS_ANY - Failed
-- Performing Test HAVE_WNO_INTERFERENCE_SIZE
-- Performing Test HAVE_WNO_INTERFERENCE_SIZE - Failed
-- Performing Test HAVE_FTRIVIAL_AUTO_VAR_INIT
-- Performing Test HAVE_FTRIVIAL_AUTO_VAR_INIT - Success
-- Performing Test HAVE_FNO_MATH_ERRNO
-- Performing Test HAVE_FNO_MATH_ERRNO - Success
-- Performing Test HAVE_WL_Z_NOEXECSTACK
-- Performing Test HAVE_WL_Z_NOEXECSTACK - Success
-- Performing Test HAVE_WL_Z_RELRO
-- Performing Test HAVE_WL_Z_RELRO - Success
-- Performing Test HAVE_WL_Z_NOW
-- Performing Test HAVE_WL_Z_NOW - Success
-- Performing Test HAVE_WL_AS_NEEDED
-- Performing Test HAVE_WL_AS_NEEDED - Success
-- Performing Test HAVE_GCC_DEFAULT_VISIBILITY
-- Performing Test HAVE_GCC_DEFAULT_VISIBILITY - Success
-- Performing Test HAVE_MSSE2_SWITCH
-- Performing Test HAVE_MSSE2_SWITCH - Failed
-- Looking for xmmintrin.h
-- Looking for xmmintrin.h - not found
-- Looking for emmintrin.h
-- Looking for emmintrin.h - not found
-- Looking for pmmintrin.h
-- Looking for pmmintrin.h - not found
-- Looking for smmintrin.h
-- Looking for smmintrin.h - not found
-- Looking for arm_neon.h
-- Looking for arm_neon.h - found
-- Performing Test HAVE_NEON_INTRINSICS
-- Performing Test HAVE_NEON_INTRINSICS - Success
-- Looking for cpuid.h
-- Looking for cpuid.h - not found
-- Looking for intrin.h
-- Looking for intrin.h - not found
-- Looking for guiddef.h
-- Looking for guiddef.h - not found
-- Looking for pow in m
-- Looking for pow in m - found
-- Looking for clock_gettime in rt
-- Looking for clock_gettime in rt - not found
-- Looking for dlfcn.h
-- Looking for dlfcn.h - found
-- Looking for dlopen in dl
-- Looking for dlopen in dl - found
-- Looking for proc_pidpath
-- Looking for proc_pidpath - not found
-- Looking for pthread_setschedparam
-- Looking for pthread_setschedparam - found
-- Looking for include files pthread.h, pthread_np.h
-- Looking for include files pthread.h, pthread_np.h - not found
-- Looking for pthread_setname_np
-- Looking for pthread_setname_np - found
-- Checking for module 'dbus-1'
--   Package 'dbus-1', required by 'virtual:world', not found
-- Could NOT find DBus1 (missing: DBus1_INCLUDE_DIRS DBus1_LIBRARIES)
-- Checking for module 'libpipewire-0.3>=0.3.23'
--   Package 'libpipewire-0.3', required by 'virtual:world', not found
-- Could NOT find PulseAudio (missing: PULSEAUDIO_LIBRARY PULSEAUDIO_INCLUDE_DIR)
-- Could NOT find ALSA (missing: ALSA_LIBRARY ALSA_INCLUDE_DIR)
-- Could NOT find OSS (missing: OSS_INCLUDE_DIR)
-- Could NOT find AudioIO (missing: AUDIOIO_INCLUDE_DIR)
-- Could NOT find JACK (missing: JACK_LIBRARY JACK_INCLUDE_DIR)
-- Could NOT find oboe (missing: oboe_DIR)
-- Could NOT find Oboe (missing: OBOE_LIBRARY OBOE_INCLUDE_DIR)
-- Found OpenSL: /opt/android-sdk/ndk/30.0.14904198/toolchains/llvm/prebuilt/linux-x86_64/sysroot/usr/lib/aarch64-linux-android/21/libOpenSLES.so
-- Could NOT find PortAudio (missing: PORTAUDIO_LIBRARY PORTAUDIO_INCLUDE_DIR)
-- Found Git: /usr/bin/git (found version "2.53.0")
-- Performing Test HAS_MAX_PAGE_SIZE_16384
-- Performing Test HAS_MAX_PAGE_SIZE_16384 - Success
-- Performing Test COMPILER_SUPPORTS_ELFNOTES
-- Performing Test COMPILER_SUPPORTS_ELFNOTES - Success
--
-- STL hardening level: Performance
--
-- Building OpenAL with support for the following backends:
--     OpenSL, Null
--
-- Building with support for CPU extensions:
--     Default, Neon
--
-- Embedding HRTF datasets
--
-- NOT installing library and headers
-- Installing sample configuration
-- Installing HRTF data files
-- Installing AmbDec presets
--
-- Configuring done (10.2s)
-- Generating done (0.1s)
-- Build files have been written to: /app/out/openal/build/arm64-v8a
=== building arm64-v8a ===
[1/204] Scanning /app/external/openal-soft/common/althrd_setname.cpp for CXX dependencies
[2/204] Scanning /app/external/openal-soft/common/filesystem.cpp for CXX dependencies
[3/204] Scanning /app/external/openal-soft/common/alstring.cpp for CXX dependencies
[4/204] Scanning /app/external/openal-soft/common/dynload.cpp for CXX dependencies
[5/204] Scanning /app/external/openal-soft/common/alcomplex.cpp for CXX dependencies
[6/204] Scanning /app/external/openal-soft/common/altypes.cpp for CXX dependencies
[7/204] Scanning /app/external/openal-soft/common/almalloc.cpp for CXX dependencies
[8/204] Scanning /app/external/openal-soft/common/strutils.cpp for CXX dependencies
[9/204] Scanning /app/external/openal-soft/alsoft-modules/gsl.cppm for CXX dependencies
[10/204] Scanning /app/external/openal-soft/common/pffft.cpp for CXX dependencies
[11/204] Scanning /app/external/openal-soft/alsoft-modules/hann_window.cppm for CXX dependencies
[12/204] Scanning /app/external/openal-soft/common/polyphase_resampler.cpp for CXX dependencies
[13/204] Scanning /app/external/openal-soft/alsoft-modules/phase_shifter.cppm for CXX dependencies
[14/204] Scanning /app/external/openal-soft/common/alformattypes.cppm for CXX dependencies
[15/204] Generating CXX dyndep file CMakeFiles/alsoft.common.dir/CXX.dd
[16/204] Scanning /app/external/openal-soft/core/logging.cppm for CXX dependencies
[17/204] Scanning /app/external/openal-soft/alc/context.cppm for CXX dependencies
[18/204] Generating default_hrtf_witness.txt
[19/204] Building CXX object CMakeFiles/alsoft.common.dir/common/althrd_setname.cpp.o
[20/204] Building CXX object fmt-11.2.0/CMakeFiles/alsoft.fmt.dir/src/os.cc.o
[21/204] Building CXX object CMakeFiles/alsoft.common.dir/common/almalloc.cpp.o
[22/204] Building CXX object CMakeFiles/alsoft.common.dir/common/filesystem.cpp.o
[23/204] Building CXX object CMakeFiles/alsoft.common.dir/common/alstring.cpp.o
[24/204] Building CXX object CMakeFiles/alsoft.common.dir/common/alcomplex.cpp.o
[25/204] Building CXX object CMakeFiles/alsoft.common.dir/common/dynload.cpp.o
[26/204] Building CXX object CMakeFiles/alsoft.common.dir/common/polyphase_resampler.cpp.o
[27/204] Building CXX object CMakeFiles/alsoft.common.dir/common/strutils.cpp.o
[28/204] Building CXX object CMakeFiles/alsoft.common.dir/common/altypes.cpp.o
[29/204] Generating CXX dyndep file CMakeFiles/alsoft.core-modules.dir/CXX.dd
[30/204] Building CXX object CMakeFiles/alsoft.common.dir/alsoft-modules/gsl.cppm.o
[31/204] Building CXX object CMakeFiles/alsoft.common.dir/common/pffft.cpp.o
[32/204] Building CXX object fmt-11.2.0/CMakeFiles/alsoft.fmt.dir/src/format.cc.o
[33/204] Building CXX object CMakeFiles/alsoft.common.dir/alsoft-modules/hann_window.cppm.o
[34/204] Scanning /app/external/openal-soft/al/auxeffectslot.cpp for CXX dependencies
[35/204] Scanning /app/external/openal-soft/al/buffer.cpp for CXX dependencies
[36/204] Scanning /app/external/openal-soft/al/debug.cpp for CXX dependencies
[37/204] Scanning /app/external/openal-soft/al/effect.cpp for CXX dependencies
[38/204] Scanning /app/external/openal-soft/al/effects/autowah.cpp for CXX dependencies
[39/204] Scanning /app/external/openal-soft/al/effects/chorus.cpp for CXX dependencies
[40/204] Scanning /app/external/openal-soft/al/effects/compressor.cpp for CXX dependencies
[41/204] Scanning /app/external/openal-soft/al/effects/dedicated.cpp for CXX dependencies
[42/204] Scanning /app/external/openal-soft/al/effects/convolution.cpp for CXX dependencies
[43/204] Building CXX object CMakeFiles/alsoft.common.dir/common/alformattypes.cppm.o
[44/204] Scanning /app/external/openal-soft/al/effects/echo.cpp for CXX dependencies
[45/204] Scanning /app/external/openal-soft/al/effects/distortion.cpp for CXX dependencies
[46/204] Building CXX object CMakeFiles/alsoft.core-modules.dir/core/logging.cppm.o
[47/204] Scanning /app/external/openal-soft/al/effects/effects.cpp for CXX dependencies
[48/204] Scanning /app/external/openal-soft/al/effects/equalizer.cpp for CXX dependencies
[49/204] Scanning /app/external/openal-soft/al/effects/fshifter.cpp for CXX dependencies
[50/204] Scanning /app/external/openal-soft/al/effects/null.cpp for CXX dependencies
[51/204] Scanning /app/external/openal-soft/al/effects/modulator.cpp for CXX dependencies
[52/204] Scanning /app/external/openal-soft/al/effects/pshifter.cpp for CXX dependencies
[53/204] Scanning /app/external/openal-soft/al/effects/reverb.cpp for CXX dependencies
[54/204] Scanning /app/external/openal-soft/al/effects/vmorpher.cpp for CXX dependencies
[55/204] Scanning /app/external/openal-soft/al/error.cpp for CXX dependencies
[56/204] Scanning /app/external/openal-soft/al/extension.cpp for CXX dependencies
[57/204] Scanning /app/external/openal-soft/al/event.cpp for CXX dependencies
[58/204] Scanning /app/external/openal-soft/al/listener.cpp for CXX dependencies
[59/204] Scanning /app/external/openal-soft/al/filter.cpp for CXX dependencies
[60/204] Scanning /app/external/openal-soft/al/source.cpp for CXX dependencies
[61/204] Scanning /app/external/openal-soft/al/state.cpp for CXX dependencies
[62/204] Scanning /app/external/openal-soft/alc/alc.cpp for CXX dependencies
[63/204] Scanning /app/external/openal-soft/alc/context.cpp for CXX dependencies
[64/204] Scanning /app/external/openal-soft/alc/alu.cpp for CXX dependencies
[65/204] Scanning /app/external/openal-soft/alc/alconfig.cpp for CXX dependencies
[66/204] Scanning /app/external/openal-soft/alc/effects/autowah.cpp for CXX dependencies
[67/204] Scanning /app/external/openal-soft/alc/effects/chorus.cpp for CXX dependencies
[68/204] Scanning /app/external/openal-soft/alc/device.cpp for CXX dependencies
[69/204] Scanning /app/external/openal-soft/alc/effects/compressor.cpp for CXX dependencies
[70/204] Scanning /app/external/openal-soft/alc/effects/convolution.cpp for CXX dependencies
[71/204] Scanning /app/external/openal-soft/alc/effects/dedicated.cpp for CXX dependencies
[72/204] Scanning /app/external/openal-soft/alc/effects/distortion.cpp for CXX dependencies
[73/204] Scanning /app/external/openal-soft/alc/effects/echo.cpp for CXX dependencies
[74/204] Scanning /app/external/openal-soft/alc/effects/modulator.cpp for CXX dependencies
[75/204] Building CXX object CMakeFiles/alsoft.common.dir/alsoft-modules/phase_shifter.cppm.o
[76/204] Scanning /app/external/openal-soft/alc/effects/equalizer.cpp for CXX dependencies
[77/204] Scanning /app/external/openal-soft/alc/effects/fshifter.cpp for CXX dependencies
[78/204] Scanning /app/external/openal-soft/alc/effects/null.cpp for CXX dependencies
[79/204] Scanning /app/external/openal-soft/alc/effects/pshifter.cpp for CXX dependencies
[80/204] Scanning /app/external/openal-soft/alc/events.cpp for CXX dependencies
[81/204] Scanning /app/external/openal-soft/alc/effects/reverb.cpp for CXX dependencies
[82/204] Scanning /app/external/openal-soft/alc/effects/vmorpher.cpp for CXX dependencies
[83/204] Scanning /app/external/openal-soft/alc/panning.cpp for CXX dependencies
[84/204] Building CXX object CMakeFiles/alsoft.core-modules.dir/alc/context.cppm.o
[85/204] Scanning /app/external/openal-soft/alc/backends/null.cpp for CXX dependencies
[86/204] Scanning /app/external/openal-soft/alc/backends/loopback.cpp for CXX dependencies
[87/204] Scanning /app/external/openal-soft/alc/backends/base.cpp for CXX dependencies
[88/204] Scanning /app/external/openal-soft/core/ambdec.cpp for CXX dependencies
[89/204] Scanning /app/external/openal-soft/alc/backends/opensl.cpp for CXX dependencies
[90/204] Scanning /app/external/openal-soft/core/ambidefs.cpp for CXX dependencies
[91/204] Scanning /app/external/openal-soft/core/bformatdec.cpp for CXX dependencies
[92/204] Scanning /app/external/openal-soft/core/bs2b.cpp for CXX dependencies
[93/204] Scanning /app/external/openal-soft/core/bsinc_tables.cpp for CXX dependencies
[94/204] Scanning /app/external/openal-soft/core/cpu_caps.cpp for CXX dependencies
[95/204] Scanning /app/external/openal-soft/core/cubic_tables.cpp for CXX dependencies
[96/204] Scanning /app/external/openal-soft/core/converter.cpp for CXX dependencies
[97/204] Scanning /app/external/openal-soft/core/context.cpp for CXX dependencies
[98/204] Scanning /app/external/openal-soft/core/devformat.cpp for CXX dependencies
[99/204] Scanning /app/external/openal-soft/core/device.cpp for CXX dependencies
[100/204] Scanning /app/external/openal-soft/core/fpu_ctrl.cpp for CXX dependencies
[101/204] Scanning /app/external/openal-soft/core/except.cpp for CXX dependencies
[102/204] Scanning /app/external/openal-soft/core/filters/biquad.cpp for CXX dependencies
[103/204] Scanning /app/external/openal-soft/core/effectslot.cpp for CXX dependencies
[104/204] Scanning /app/external/openal-soft/core/filters/nfc.cpp for CXX dependencies
[105/204] Scanning /app/external/openal-soft/core/filters/splitter.cpp for CXX dependencies
[106/204] Scanning /app/external/openal-soft/core/helpers.cpp for CXX dependencies
[107/204] Scanning /app/external/openal-soft/core/hrtf_resource.cpp for CXX dependencies
[108/204] Scanning /app/external/openal-soft/core/hrtf.cpp for CXX dependencies
[109/204] Scanning /app/external/openal-soft/core/hrtf_loader.cpp for CXX dependencies
[110/204] Scanning /app/external/openal-soft/core/mastering.cpp for CXX dependencies
[111/204] Scanning /app/external/openal-soft/core/logging.cpp for CXX dependencies
[112/204] Scanning /app/external/openal-soft/core/uiddefs.cpp for CXX dependencies
[113/204] Scanning /app/external/openal-soft/core/mixer.cpp for CXX dependencies
[114/204] Scanning /app/external/openal-soft/core/voice.cpp for CXX dependencies
[115/204] Scanning /app/external/openal-soft/core/storage_formats.cpp for CXX dependencies
[116/204] Scanning /app/external/openal-soft/core/uhjfilter.cpp for CXX dependencies
[117/204] Scanning /app/external/openal-soft/core/tsmefilter.cpp for CXX dependencies
[118/204] Scanning /app/external/openal-soft/core/mixer/mixer_c.cpp for CXX dependencies
[119/204] Linking CXX static library libalsoft.common.a
[120/204] Scanning /app/external/openal-soft/core/mixer/mixer_neon.cpp for CXX dependencies
[121/204] Generating CXX dyndep file CMakeFiles/OpenAL.dir/CXX.dd
[122/204] Building CXX object CMakeFiles/OpenAL.dir/al/effects/autowah.cpp.o
[123/204] Building CXX object CMakeFiles/OpenAL.dir/al/effects/compressor.cpp.o
[124/204] Building CXX object CMakeFiles/OpenAL.dir/al/effects/chorus.cpp.o
[125/204] Building CXX object CMakeFiles/OpenAL.dir/al/effects/convolution.cpp.o
[126/204] Building CXX object CMakeFiles/OpenAL.dir/al/effect.cpp.o
[127/204] Building CXX object CMakeFiles/OpenAL.dir/al/effects/dedicated.cpp.o
[128/204] Building CXX object CMakeFiles/OpenAL.dir/al/effects/distortion.cpp.o
[129/204] Building CXX object CMakeFiles/OpenAL.dir/al/effects/effects.cpp.o
[130/204] Building CXX object CMakeFiles/OpenAL.dir/al/effects/echo.cpp.o
[131/204] Building CXX object CMakeFiles/OpenAL.dir/al/effects/equalizer.cpp.o
[132/204] Building CXX object CMakeFiles/OpenAL.dir/al/auxeffectslot.cpp.o
[133/204] Building CXX object CMakeFiles/OpenAL.dir/al/effects/pshifter.cpp.o
[134/204] Building CXX object CMakeFiles/OpenAL.dir/al/effects/null.cpp.o
[135/204] Building CXX object CMakeFiles/OpenAL.dir/al/debug.cpp.o
[136/204] Building CXX object CMakeFiles/OpenAL.dir/al/buffer.cpp.o
[137/204] Building CXX object CMakeFiles/OpenAL.dir/al/effects/fshifter.cpp.o
[138/204] Building CXX object CMakeFiles/OpenAL.dir/al/effects/reverb.cpp.o
[139/204] Building CXX object CMakeFiles/OpenAL.dir/al/effects/modulator.cpp.o
[140/204] Building CXX object CMakeFiles/OpenAL.dir/al/extension.cpp.o
[141/204] Building CXX object CMakeFiles/OpenAL.dir/al/effects/vmorpher.cpp.o
[142/204] Building CXX object CMakeFiles/OpenAL.dir/al/error.cpp.o
[143/204] Building CXX object CMakeFiles/OpenAL.dir/al/listener.cpp.o
[144/204] Building CXX object CMakeFiles/OpenAL.dir/al/filter.cpp.o
[145/204] Building CXX object CMakeFiles/OpenAL.dir/al/event.cpp.o
[146/204] Building CXX object CMakeFiles/OpenAL.dir/al/state.cpp.o
[147/204] Building CXX object CMakeFiles/OpenAL.dir/alc/alconfig.cpp.o
[148/204] Building CXX object CMakeFiles/OpenAL.dir/alc/context.cpp.o
[149/204] Building CXX object CMakeFiles/OpenAL.dir/alc/device.cpp.o
[150/204] Building CXX object CMakeFiles/OpenAL.dir/alc/effects/autowah.cpp.o
[151/204] Building CXX object CMakeFiles/OpenAL.dir/alc/effects/chorus.cpp.o
[152/204] Building CXX object CMakeFiles/OpenAL.dir/alc/alu.cpp.o
[153/204] Building CXX object CMakeFiles/OpenAL.dir/al/source.cpp.o
[154/204] Building CXX object CMakeFiles/OpenAL.dir/alc/effects/compressor.cpp.o
[155/204] Building CXX object CMakeFiles/OpenAL.dir/alc/effects/dedicated.cpp.o
[156/204] Building CXX object CMakeFiles/OpenAL.dir/alc/effects/equalizer.cpp.o
[157/204] Building CXX object CMakeFiles/OpenAL.dir/alc/effects/echo.cpp.o
[158/204] Building CXX object CMakeFiles/OpenAL.dir/alc/effects/distortion.cpp.o
[159/204] Building CXX object CMakeFiles/OpenAL.dir/alc/effects/null.cpp.o
[160/204] Building CXX object CMakeFiles/OpenAL.dir/alc/effects/convolution.cpp.o
[161/204] Building CXX object CMakeFiles/OpenAL.dir/alc/alc.cpp.o
[162/204] Building CXX object CMakeFiles/OpenAL.dir/alc/effects/modulator.cpp.o
[163/204] Building CXX object CMakeFiles/OpenAL.dir/alc/effects/fshifter.cpp.o
[164/204] Building CXX object CMakeFiles/OpenAL.dir/alc/effects/pshifter.cpp.o
[165/204] Building CXX object CMakeFiles/OpenAL.dir/alc/effects/vmorpher.cpp.o
[166/204] Building CXX object CMakeFiles/OpenAL.dir/alc/events.cpp.o
[167/204] Building CXX object CMakeFiles/OpenAL.dir/alc/backends/loopback.cpp.o
[168/204] Building CXX object CMakeFiles/OpenAL.dir/alc/backends/null.cpp.o
[169/204] Building CXX object CMakeFiles/OpenAL.dir/alc/effects/reverb.cpp.o
[170/204] Building CXX object CMakeFiles/OpenAL.dir/alc/backends/base.cpp.o
[171/204] Building CXX object CMakeFiles/OpenAL.dir/core/ambidefs.cpp.o
[172/204] Building CXX object CMakeFiles/OpenAL.dir/alc/panning.cpp.o
[173/204] Building CXX object CMakeFiles/OpenAL.dir/core/bs2b.cpp.o
[174/204] Building CXX object CMakeFiles/OpenAL.dir/core/bformatdec.cpp.o
[175/204] Building CXX object CMakeFiles/OpenAL.dir/alc/backends/opensl.cpp.o
/app/external/openal-soft/alc/backends/opensl.cpp:337:65: warning: implicit conversion loses integer precision: 'const std::size_t' (aka 'const unsigned long') to 'SLuint32' (aka 'unsigned int') [-Wshorten-64-to-32]
  337 |             result = VCALL(bufferQueue,Enqueue)(data[0].data(), updatebytes);
      |                      ~~~~~~~~~~~~~~~~~~~~~~~~~~                 ^~~~~~~~~~~
/app/external/openal-soft/alc/backends/opensl.cpp:93:50: note: expanded from macro 'VCALL'
   93 | #define VCALL(obj, func)  ((*(obj))->func((obj), EXTRACT_VCALL_ARGS
      |                            ~                     ^
/app/external/openal-soft/alc/backends/opensl.cpp:92:34: note: expanded from macro 'EXTRACT_VCALL_ARGS'
   92 | #define EXTRACT_VCALL_ARGS(...)  __VA_ARGS__))
      |                                  ^~~~~~~~~~~
/app/external/openal-soft/alc/backends/opensl.cpp:897:81: warning: implicit conversion loses integer precision: 'const std::size_t' (aka 'const unsigned long') to 'SLuint32' (aka 'unsigned int') [-Wshorten-64-to-32]
  897 |                 auto const result = VCALL(bufferQueue,Enqueue)(rdata[0].data(), chunk_size);
      |                                     ~~~~~~~~~~~~~~~~~~~~~~~~~~                  ^~~~~~~~~~
/app/external/openal-soft/alc/backends/opensl.cpp:93:50: note: expanded from macro 'VCALL'
   93 | #define VCALL(obj, func)  ((*(obj))->func((obj), EXTRACT_VCALL_ARGS
      |                            ~                     ^
/app/external/openal-soft/alc/backends/opensl.cpp:92:34: note: expanded from macro 'EXTRACT_VCALL_ARGS'
   92 | #define EXTRACT_VCALL_ARGS(...)  __VA_ARGS__))
      |                                  ^~~~~~~~~~~
2 warnings generated.
[176/204] Building CXX object CMakeFiles/OpenAL.dir/core/cpu_caps.cpp.o
[177/204] Building CXX object CMakeFiles/OpenAL.dir/core/ambdec.cpp.o
[178/204] Building CXX object CMakeFiles/OpenAL.dir/core/bsinc_tables.cpp.o
[179/204] Building CXX object CMakeFiles/OpenAL.dir/core/cubic_tables.cpp.o
[180/204] Building CXX object CMakeFiles/OpenAL.dir/core/devformat.cpp.o
[181/204] Building CXX object CMakeFiles/OpenAL.dir/core/context.cpp.o
[182/204] Building CXX object CMakeFiles/OpenAL.dir/core/except.cpp.o
[183/204] Building CXX object CMakeFiles/OpenAL.dir/core/effectslot.cpp.o
[184/204] Building CXX object CMakeFiles/OpenAL.dir/core/fpu_ctrl.cpp.o
[185/204] Building CXX object CMakeFiles/OpenAL.dir/core/device.cpp.o
[186/204] Building CXX object CMakeFiles/OpenAL.dir/core/filters/biquad.cpp.o
[187/204] Building CXX object CMakeFiles/OpenAL.dir/core/filters/nfc.cpp.o
[188/204] Building CXX object CMakeFiles/OpenAL.dir/core/converter.cpp.o
[189/204] Building CXX object CMakeFiles/OpenAL.dir/core/filters/splitter.cpp.o
[190/204] Building CXX object CMakeFiles/OpenAL.dir/core/hrtf_resource.cpp.o
[191/204] Building CXX object CMakeFiles/OpenAL.dir/core/helpers.cpp.o
[192/204] Building CXX object CMakeFiles/OpenAL.dir/core/mastering.cpp.o
[193/204] Building CXX object CMakeFiles/OpenAL.dir/core/mixer.cpp.o
[194/204] Building CXX object CMakeFiles/OpenAL.dir/core/storage_formats.cpp.o
[195/204] Building CXX object CMakeFiles/OpenAL.dir/core/uiddefs.cpp.o
[196/204] Building CXX object CMakeFiles/OpenAL.dir/core/logging.cpp.o
[197/204] Building CXX object CMakeFiles/OpenAL.dir/core/mixer/mixer_c.cpp.o
[198/204] Building CXX object CMakeFiles/OpenAL.dir/core/hrtf_loader.cpp.o
[199/204] Building CXX object CMakeFiles/OpenAL.dir/core/tsmefilter.cpp.o
[200/204] Building CXX object CMakeFiles/OpenAL.dir/core/hrtf.cpp.o
[201/204] Building CXX object CMakeFiles/OpenAL.dir/core/uhjfilter.cpp.o
[202/204] Building CXX object CMakeFiles/OpenAL.dir/core/mixer/mixer_neon.cpp.o
[203/204] Building CXX object CMakeFiles/OpenAL.dir/core/voice.cpp.o
[204/204] Linking CXX shared library libopenal.so
'/app/out/openal/build/arm64-v8a/libopenal.so' -> '/app/out/openal/jniLibs/arm64-v8a/libopenal.so'
  SONAME: libopenal.so

=== done ===
-rwxrwxr-x 1 jules jules 1473408 Jul 27 07:17 /app/out/openal/jniLibs/arm64-v8a/libopenal.so
